src/app/api/checkout/route.ts(37,31): error TS2339: Property 'user' does not exist on type '{}'.
src/app/api/checkout/route.ts(39,26): error TS2339: Property 'user' does not exist on type '{}'.
src/app/api/orders/route.ts(16,54): error TS2339: Property 'user' does not exist on type '{}'.
src/app/api/orders/route.ts(38,22): error TS2339: Property 'user' does not exist on type '{}'.
src/app/api/products/[id]/route.ts(14,30): error TS2339: Property 'user' does not exist on type '{}'.
src/app/api/products/[id]/route.ts(26,48): error TS2339: Property 'user' does not exist on type '{}'.
src/app/api/products/route.ts(32,30): error TS2339: Property 'user' does not exist on type '{}'.
src/app/api/products/route.ts(51,24): error TS2339: Property 'user' does not exist on type '{}'.
src/lib/auth.ts(44,17): error TS7031: Binding element 'token' implicitly has an 'any' type.
src/lib/auth.ts(44,24): error TS7031: Binding element 'user' implicitly has an 'any' type.
src/lib/auth.ts(51,21): error TS7031: Binding element 'session' implicitly has an 'any' type.
src/lib/auth.ts(51,30): error TS7031: Binding element 'token' implicitly has an 'any' type.
